2025-10-05 08:51:00 | DEBUG | repo=pv243-2015-clustering-seminar | action=pull
2025-05-17 18:04:00 | WARN | repo=pv243-2015-clustering-seminar | action=test | passed=true
2025-05-22 08:11:00 | INFO | repo=pv243-2015-clustering-seminar | action=edit | files=1
2025-05-08 16:13:00 | DEBUG | repo=pv243-2015-clustering-seminar | action=commit
2025-08-01 17:52:00 | DEBUG | repo=pv243-2015-clustering-seminar | action=pull
2025-10-16 10:16:00 | WARN | repo=pv243-2015-clustering-seminar | action=commit
2025-07-13 20:21:00 | DEBUG | repo=pv243-2015-clustering-seminar | action=pull
2025-09-26 10:20:00 | DEBUG | repo=pv243-2015-clustering-seminar | action=test | passed=true
2025-06-03 18:13:00 | WARN | repo=pv243-2015-clustering-seminar | action=commit
2025-05-23 16:24:00 | WARN | repo=pv243-2015-clustering-seminar | action=test | passed=true
2025-02-04 15:43:00 | INFO | repo=pv243-2015-clustering-seminar | action=commit
2025-12-18 13:34:00 | WARN | repo=pv243-2015-clustering-seminar | action=test | passed=true
2025-11-24 17:35:00 | DEBUG | repo=pv243-2015-clustering-seminar | action=test | passed=true
2025-06-26 07:25:00 | DEBUG | repo=pv243-2015-clustering-seminar | action=commit
2025-07-25 16:18:00 | DEBUG | repo=pv243-2015-clustering-seminar | action=commit
2025-03-04 18:12:00 | WARN | repo=pv243-2015-clustering-seminar | action=commit
2025-03-08 12:35:00 | WARN | repo=pv243-2015-clustering-seminar | action=commit
2025-08-19 07:27:00 | WARN | repo=pv243-2015-clustering-seminar | action=commit
2025-10-11 07:30:00 | INFO | repo=pv243-2015-clustering-seminar | action=edit | files=2
2025-03-17 13:18:00 | INFO | repo=pv243-2015-clustering-seminar | action=commit
2025-05-28 16:13:00 | INFO | repo=pv243-2015-clustering-seminar | action=edit | files=4
2025-11-08 15:56:00 | DEBUG | repo=pv243-2015-clustering-seminar | action=commit
2025-06-28 07:15:00 | WARN | repo=pv243-2015-clustering-seminar | action=commit
2025-08-08 07:52:00 | DEBUG | repo=pv243-2015-clustering-seminar | action=commit
2025-12-10 09:39:00 | INFO | repo=pv243-2015-clustering-seminar | action=commit
2025-06-12 21:50:00 | WARN | repo=pv243-2015-clustering-seminar | action=commit
2025-06-03 12:28:00 | WARN | repo=pv243-2015-clustering-seminar | action=commit
2025-04-04 10:03:00 | INFO | repo=pv243-2015-clustering-seminar | action=commit
2025-08-22 09:28:00 | WARN | repo=pv243-2015-clustering-seminar | action=edit | files=4
2025-11-12 11:06:00 | INFO | repo=pv243-2015-clustering-seminar | action=commit
2025-03-04 14:16:00 | DEBUG | repo=pv243-2015-clustering-seminar | action=commit
2025-02-07 20:22:00 | INFO | repo=pv243-2015-clustering-seminar | action=pull
2025-07-19 18:28:00 | INFO | repo=pv243-2015-clustering-seminar | action=commit
2025-08-03 08:33:00 | INFO | repo=pv243-2015-clustering-seminar | action=commit
2025-02-04 20:04:00 | WARN | repo=pv243-2015-clustering-seminar | action=commit
2025-07-03 13:03:00 | INFO | repo=pv243-2015-clustering-seminar | action=commit
2025-07-11 11:53:00 | DEBUG | repo=pv243-2015-clustering-seminar | action=edit | files=4
2025-06-14 08:07:00 | WARN | repo=pv243-2015-clustering-seminar | action=edit | files=2
2025-03-26 21:21:00 | WARN | repo=pv243-2015-clustering-seminar | action=pull
2025-03-05 11:31:00 | WARN | repo=pv243-2015-clustering-seminar | action=edit | files=4
2025-02-28 08:20:00 | DEBUG | repo=pv243-2015-clustering-seminar | action=commit
2025-01-23 07:38:00 | WARN | repo=pv243-2015-clustering-seminar | action=test | passed=true
2025-03-10 20:11:00 | WARN | repo=pv243-2015-clustering-seminar | action=test | passed=true
2025-07-04 17:31:00 | WARN | repo=pv243-2015-clustering-seminar | action=commit
2025-07-26 11:25:00 | DEBUG | repo=pv243-2015-clustering-seminar | action=commit
2025-07-09 15:49:00 | INFO | repo=pv243-2015-clustering-seminar | action=commit
2025-11-10 13:23:00 | DEBUG | repo=pv243-2015-clustering-seminar | action=commit
2025-09-22 19:43:00 | WARN | repo=pv243-2015-clustering-seminar | action=edit | files=3
2025-04-06 09:09:00 | WARN | repo=pv243-2015-clustering-seminar | action=commit
2025-11-01 21:12:00 | WARN | repo=pv243-2015-clustering-seminar | action=pull
2025-01-04 12:34:00 | INFO | repo=pv243-2015-clustering-seminar | action=commit
2025-11-24 19:57:00 | INFO | repo=pv243-2015-clustering-seminar | action=pull
2025-08-06 13:04:00 | INFO | repo=pv243-2015-clustering-seminar | action=commit
2025-10-19 17:44:00 | DEBUG | repo=pv243-2015-clustering-seminar | action=edit | files=2
2025-04-13 21:19:00 | DEBUG | repo=pv243-2015-clustering-seminar | action=commit
2025-12-10 07:26:00 | DEBUG | repo=pv243-2015-clustering-seminar | action=commit
2025-11-18 09:38:00 | INFO | repo=pv243-2015-clustering-seminar | action=test | passed=true
2025-07-14 21:54:00 | WARN | repo=pv243-2015-clustering-seminar | action=test | passed=true
2025-09-10 16:46:00 | INFO | repo=pv243-2015-clustering-seminar | action=pull
2025-03-28 07:49:00 | WARN | repo=pv243-2015-clustering-seminar | action=commit
2025-05-12 09:37:00 | INFO | repo=pv243-2015-clustering-seminar | action=commit
2025-01-21 16:54:00 | DEBUG | repo=pv243-2015-clustering-seminar | action=pull
2025-09-22 21:59:00 | WARN | repo=pv243-2015-clustering-seminar | action=commit
2025-10-10 08:30:00 | INFO | repo=pv243-2015-clustering-seminar | action=commit
2025-03-07 15:00:00 | WARN | repo=pv243-2015-clustering-seminar | action=commit
2025-11-18 07:57:00 | INFO | repo=pv243-2015-clustering-seminar | action=pull
2025-10-08 15:22:00 | WARN | repo=pv243-2015-clustering-seminar | action=commit
2025-02-08 20:48:00 | INFO | repo=pv243-2015-clustering-seminar | action=commit
2025-02-09 17:27:00 | INFO | repo=pv243-2015-clustering-seminar | action=commit
2025-01-16 20:42:00 | INFO | repo=pv243-2015-clustering-seminar | action=commit
2025-01-18 07:03:00 | INFO | repo=pv243-2015-clustering-seminar | action=commit
2025-09-02 15:04:00 | WARN | repo=pv243-2015-clustering-seminar | action=commit
2025-12-24 10:54:00 | WARN | repo=pv243-2015-clustering-seminar | action=commit
2025-10-15 21:53:00 | INFO | repo=pv243-2015-clustering-seminar | action=commit
2025-02-16 20:35:00 | INFO | repo=pv243-2015-clustering-seminar | action=test | passed=true
2025-02-09 21:49:00 | INFO | repo=pv243-2015-clustering-seminar | action=commit
2025-07-08 17:01:00 | DEBUG | repo=pv243-2015-clustering-seminar | action=edit | files=3
2025-02-05 19:02:00 | DEBUG | repo=pv243-2015-clustering-seminar | action=test | passed=true
2025-01-22 13:13:00 | WARN | repo=pv243-2015-clustering-seminar | action=commit
2025-10-27 14:39:00 | WARN | repo=pv243-2015-clustering-seminar | action=test | passed=true
2025-10-11 09:13:00 | WARN | repo=pv243-2015-clustering-seminar | action=commit
2025-12-22 21:44:00 | WARN | repo=pv243-2015-clustering-seminar | action=commit
2025-01-25 17:21:00 | INFO | repo=pv243-2015-clustering-seminar | action=commit
2025-12-16 07:18:00 | DEBUG | repo=pv243-2015-clustering-seminar | action=pull
2025-08-19 14:42:00 | DEBUG | repo=pv243-2015-clustering-seminar | action=edit | files=2
2025-09-06 19:27:00 | INFO | repo=pv243-2015-clustering-seminar | action=pull
2025-11-07 07:14:00 | WARN | repo=pv243-2015-clustering-seminar | action=test | passed=true
2025-07-01 12:16:00 | WARN | repo=pv243-2015-clustering-seminar | action=commit
2025-12-02 16:02:00 | DEBUG | repo=pv243-2015-clustering-seminar | action=edit | files=1
2025-04-20 12:58:00 | INFO | repo=pv243-2015-clustering-seminar | action=test | passed=true
2025-05-26 18:13:00 | WARN | repo=pv243-2015-clustering-seminar | action=commit
2025-10-11 10:56:00 | WARN | repo=pv243-2015-clustering-seminar | action=commit
2025-04-02 17:09:00 | INFO | repo=pv243-2015-clustering-seminar | action=test | passed=true
2025-05-24 18:45:00 | INFO | repo=pv243-2015-clustering-seminar | action=pull
2025-12-06 08:32:00 | DEBUG | repo=pv243-2015-clustering-seminar | action=pull
2025-02-19 18:59:00 | DEBUG | repo=pv243-2015-clustering-seminar | action=edit | files=2
2025-09-07 07:36:00 | INFO | repo=pv243-2015-clustering-seminar | action=commit
2025-04-09 21:14:00 | DEBUG | repo=pv243-2015-clustering-seminar | action=test | passed=true
2025-07-22 10:43:00 | DEBUG | repo=pv243-2015-clustering-seminar | action=commit
2025-06-27 18:26:00 | INFO | repo=pv243-2015-clustering-seminar | action=commit
2025-07-06 15:40:00 | INFO | repo=pv243-2015-clustering-seminar | action=edit | files=4
2025-10-26 16:15:00 | WARN | repo=pv243-2015-clustering-seminar | action=test | passed=true
2025-12-21 15:37:00 | INFO | repo=pv243-2015-clustering-seminar | action=commit
2025-08-26 17:06:00 | DEBUG | repo=pv243-2015-clustering-seminar | action=test | passed=true
2025-07-10 07:10:00 | DEBUG | repo=pv243-2015-clustering-seminar | action=pull
2025-02-11 17:22:00 | WARN | repo=pv243-2015-clustering-seminar | action=commit
2025-05-27 09:20:00 | WARN | repo=pv243-2015-clustering-seminar | action=commit
2025-10-20 09:27:00 | INFO | repo=pv243-2015-clustering-seminar | action=edit | files=1
2025-12-17 15:25:00 | WARN | repo=pv243-2015-clustering-seminar | action=commit
2025-07-05 21:04:00 | DEBUG | repo=pv243-2015-clustering-seminar | action=test | passed=true
2025-04-19 07:43:00 | WARN | repo=pv243-2015-clustering-seminar | action=commit
2025-08-13 08:42:00 | WARN | repo=pv243-2015-clustering-seminar | action=commit
2025-06-21 10:50:00 | WARN | repo=pv243-2015-clustering-seminar | action=commit
2025-08-23 07:07:00 | WARN | repo=pv243-2015-clustering-seminar | action=pull
2025-03-19 07:00:00 | DEBUG | repo=pv243-2015-clustering-seminar | action=commit
2025-07-26 08:14:00 | DEBUG | repo=pv243-2015-clustering-seminar | action=edit | files=5
2025-05-12 11:20:00 | WARN | repo=pv243-2015-clustering-seminar | action=commit
2025-04-23 11:46:00 | INFO | repo=pv243-2015-clustering-seminar | action=commit
2025-06-25 18:10:00 | WARN | repo=pv243-2015-clustering-seminar | action=test | passed=true
2025-04-05 15:36:00 | DEBUG | repo=pv243-2015-clustering-seminar | action=test | passed=true
2025-11-24 20:42:00 | INFO | repo=pv243-2015-clustering-seminar | action=pull
2025-08-22 15:06:00 | WARN | repo=pv243-2015-clustering-seminar | action=commit
